============================= test session starts =============================
platform win32 -- Python 3.10.11, pytest-9.0.1, pluggy-1.6.0 -- C:\Users\Yann LAVRY\Documents\Freeda\venv\Scripts\python.exe
cachedir: .pytest_cache
rootdir: C:\Users\Yann LAVRY\Documents\Freeda
plugins: anyio-4.11.0
collecting ... collected 0 items / 1 error

=================================== ERRORS ====================================
____________ ERROR collecting backend/tests/test_public_tickets.py ____________
ImportError while importing test module 'C:\Users\Yann LAVRY\Documents\Freeda\backend\tests\test_public_tickets.py'.
Hint: make sure your test modules/packages have valid Python names.
Traceback:
C:\Python310\lib\importlib\__init__.py:126: in import_module
    return _bootstrap._gcd_import(name[level:], package, level)
backend\tests\test_public_tickets.py:2: in <module>
    from app.main import app
E   ModuleNotFoundError: No module named 'app'
=========================== short test summary info ===========================
ERROR backend/tests/test_public_tickets.py
!!!!!!!!!!!!!!!!!!! Interrupted: 1 error during collection !!!!!!!!!!!!!!!!!!!!
============================== 1 error in 1.84s ===============================
